  TORBOX TRAKT WRAPPER                                                                             Trakt: [Connected ✓] 
  [1] Torrents    [2] Usenet    [3] Web-DL                                                                              
────────────────────────────────────────────────────────────────────────────────────────────────────────────────────────
                                                                                                                        
                                                                                                                        
                                                                                                                        
                                                                                                                        
  No items in this category. Press 'a' to add a download or 'r' to refresh.                                             
                                                                                                                        
                                                                                                                        
                                                                                                                        
                                                                                                                        
 Ready        [Tab] Switch  [Enter] Stream  [f] Files  [/] Filter  [a] Add  [d] Delete  [A] Trakt  [?] Help  [q] Quit   