  TORBOX TRAKT WRAPPER                                                                             Trakt: [Connected ✓] 
  [1] Torrents    [2] Usenet    [3] Web-DL                                                                              
────────────────────────────────────────────────────────────────────────────────────────────────────────────────────────
 Files: Test Series Gamma S01                                                                                           
                                                                                                                        
❯     Test Series Gamma S01E01  3.0 GiB                                                                                 
      Test Series Gamma S01E02      3.0 GiB                                                                             
      Test Series Gamma S01E03      3.0 GiB                                                                             
                                                                                                                        
 Ready        [Tab] Switch  [Enter] Stream  [f] Files  [/] Filter  [a] Add  [d] Delete  [A] Trakt  [?] Help  [q] Quit   