  TORBOX TRAKT WRAPPER                                                                             Trakt: [Connected ✓] 
  [1] Torrents    [2] Usenet    [3] Web-DL                                                                              
────────────────────────────────────────────────────────────────────────────────────────────────────────────────────────
                                                                                                                        
                                                                                                                        
                                                                                                                        
                                                                                                                        
                                                                                                                        
                                                                                                                        
                                                                                                                        
                                                                                                                        
                                                                                                                        
                              ╭──────────────────────────────────────────────────────────╮                              
                              │                                                          │                              
                              │  Confirm Deletion                                        │                              
                              │                                                          │                              
                              │                                                          │                              
                              │  Are you sure you want to remove:                        │                              
                              │                                                          │                              
                              │    Test Feature Alpha (2023)                             │                              
                              │                                                          │                              
                              │  This will delete the item from your TorBox cloud        │                              
                              │  library.                                                │                              
                              │                                                          │                              
                              │                                                          │                              
                              │    [y] Delete       [n] Cancel                           │                              
                              │                                                          │                              
                              ╰──────────────────────────────────────────────────────────╯                              
                                                                                                                        
                                                                                                                        
                                                                                                                        
                                                                                                                        
                                                                                                                        
                                                                                                                        
                                                                                                                        
                                                                                                                        
                                                                                                                        
 Ready        [Tab] Switch  [Enter] Stream  [f] Files  [/] Filter  [a] Add  [d] Delete  [A] Trakt  [?] Help  [q] Quit   