  TORBOX TRAKT WRAPPER                                                                             Trakt: [Connected ✓] 
  [1] Torrents    [2] Usenet    [3] Web-DL                                                                              
────────────────────────────────────────────────────────────────────────────────────────────────────────────────────────
                                                                                                                        
                                                                                                                        
                                                                                                                        
                                                                                                                        
                                                                                                                        
                                                                                                                        
                                                                                                                        
                                                                                                                        
                                                                                                                        
                                                                                                                        
                           ╭────────────────────────────────────────────────────────────────╮                           
                           │                                                                │                           
                           │  Add Download (Magnet / URL)                                   │                           
                           │                                                                │                           
                           │                                                                │                           
                           │  Paste magnet link, NZB link, or direct media URL:             │                           
                           │                                                                │                           
                           │  > magnet:?xt=urn:btih:... or https://...                      │                           
                           │                                                                │                           
                           │                                                                │                           
                           │    [Enter] Add       [Esc] Cancel                              │                           
                           │                                                                │                           
                           ╰────────────────────────────────────────────────────────────────╯                           
                                                                                                                        
                                                                                                                        
                                                                                                                        
                                                                                                                        
                                                                                                                        
                                                                                                                        
                                                                                                                        
                                                                                                                        
                                                                                                                        
                                                                                                                        
                                                                                                                        
 Ready        [Tab] Switch  [Enter] Stream  [f] Files  [/] Filter  [a] Add  [d] Delete  [A] Trakt  [?] Help  [q] Quit   